// Jest Snapshot v1, https://goo.gl/fbAQLP

exports[`Connection Error Component should render correctly 1`] = `
<Modal
  actions={Array []}
  appendTo={<body />}
  ariaDescribedById=""
  className=""
  header={
    <Flex>
      <FlexItem>
        <UnpluggedIcon
          color="currentColor"
          noVerticalAlign={false}
          size="md"
          title={null}
        />
      </FlexItem>
      <FlexItem>
        <Title
          headingLevel="h1"
          size="2xl"
        >
          Connection error
        </Title>
      </FlexItem>
    </Flex>
  }
  hideTitle={false}
  isFooterLeftAligned={false}
  isLarge={false}
  isOpen={true}
  isSmall={true}
  onClose={[Function]}
  showClose={true}
  title="Connection error"
>
  <TextContent>
    <Text
      component="p"
    >
      Cannot connect to server.
    </Text>
    <Expandable
      className=""
      isActive={false}
      isFocused={false}
      isHovered={false}
      onToggle={[Function]}
      toggleText="Show more"
      toggleTextCollapsed=""
      toggleTextExpanded=""
    >
      <Text
        component="p"
      >
        The server is expected to be running at
         
        <a
          href=""
          rel="noopener noreferrer"
          target="_blank"
        />
         
        but the connection failed.
      </Text>
      <Text
        component="p"
      >
        Please check the following possible reasons and try to resolve them:
      </Text>
      <List>
        <ListItem>
          You are offline. Check your network connection.
        </ListItem>
        <ListItem>
          The server is running on a different URL. Check if the URL is incorrect.
        </ListItem>
        <ListItem>
          The server is down. Restart the server.
        </ListItem>
      </List>
      <Text>
        The application will reconnect as soon as the server is available again.
      </Text>
    </Expandable>
  </TextContent>
</Modal>
`;
